// Jest Snapshot v1, https://goo.gl/fbAQLP

exports[`displays place popup without an image 1`] = `
<figure
  class="sc-bdVaJa kBeBlx"
>
  <img
    alt="Fake place"
    class="sc-bwzfXH iOZTkB"
    src="/noimg.jpg"
  />
  <hr />
  <figcaption
    class="sc-htpNat kFzgIi"
  >
    FAKE PLACE
  </figcaption>
</figure>
`;
